---
source: graphql-parser/tests/test.rs
expression: result_unix
---
Ok(
    Document {
        definitions: [
            TypeExtension(
                Union(
                    UnionTypeExtension {
                        position: Pos(1:8),
                        name: "Feed",
                        directives: [],
                        types: [
                            "Photo",
                            "Video",
                        ],
                    },
                ),
            ),
        ],
    },
)
