---
source: graphql-parser/tests/tests.rs
expression: result
---
Ok(
    Document {
        definitions: [
            Operation(
                Query(
                    Query {
                        position: Pos(1:1),
                        description: None,
                        name: None,
                        variable_definitions: [],
                        directives: [],
                        selection_set: SelectionSet {
                            span: (
                                Pos(1:7),
                                Pos(3:1),
                            ),
                            items: [
                                Field(
                                    Field {
                                        position: Pos(2:3),
                                        alias: None,
                                        name: "node",
                                        arguments: [
                                            (
                                                "id",
                                                Int(
                                                    Number(
                                                        1,
                                                    ),
                                                ),
                                            ),
                                            (
                                                "obj",
                                                Object(
                                                    {
                                                        "key1": Int(
                                                            Number(
                                                                123,
                                                            ),
                                                        ),
                                                        "key2": Int(
                                                            Number(
                                                                456,
                                                            ),
                                                        ),
                                                    },
                                                ),
                                            ),
                                        ],
                                        directives: [],
                                        selection_set: SelectionSet {
                                            span: (
                                                Pos(2:3),
                                                Pos(2:3),
                                            ),
                                            items: [],
                                        },
                                    },
                                ),
                            ],
                        },
                    },
                ),
            ),
        ],
    },
)
