---
source: graphql-parser/tests/tests.rs
expression: result
---
Err(
    ParseError(
        "Parse error at 10:1\nUnexpected `query[Name]`\nExpected `schema`, `extend`, `scalar`, `type`, `interface`, `union`, `enum`, `input` or `directive`\n",
    ),
)
